---
source: tests/parsing.rs
expression: markdown
---
# Some Markdown

With text!
